#,,,,,,,,"generated_by='OpenQuake engine 3.24.0-git9c718412f1', start_date='2025-02-26T18:12:54', checksum=571949853"
custom_site_id,lon,lat,gmv_PGV,gsd_PGV,gmv_LiqOccur,gsd_LiqOccur,gmv_LiqProb,gsd_LiqProb
0,9.12160E+01,2.51950E+01,1.16409E+02,1.00000E+00,1.00000E+00,1.00000E+00,8.67248E-01,1.00000E+00
1,9.11960E+01,2.51950E+01,1.16946E+02,1.00080E+00,1.00000E+00,1.00000E+00,8.49130E-01,1.00002E+00
2,9.12060E+01,2.51950E+01,1.11426E+02,1.00000E+00,1.00000E+00,1.00000E+00,8.47737E-01,1.00000E+00
3,9.11860E+01,2.51950E+01,1.16982E+02,1.00000E+00,1.00000E+00,1.00000E+00,9.76962E-01,1.00000E+00
4,9.11660E+01,2.51950E+01,1.06304E+02,1.00000E+00,1.00000E+00,1.00000E+00,8.85556E-01,1.00001E+00
5,9.11760E+01,2.51950E+01,1.12845E+02,1.00056E+00,1.00000E+00,1.00000E+00,9.55749E-01,1.00000E+00
