#,,,,,,,"generated_by='OpenQuake engine 3.22.0-git68dde7c56e', start_date='2025-02-11T11:20:06', checksum=545338603, investigation_time=None, risk_investigation_time=None"
loss_type,no_damage,slight,moderate,extreme,complete,losses_value,losses_ratio
structural,9.10790E+00,1.04866E+00,8.59774E-01,4.06873E-01,3.57679E+00,3.17695E+04,1.86769E-01
