#,,,,,,,,,,,,,,,,,,,,,,"generated_by='OpenQuake engine 3.16.0-gitb5ac7aa581', start_date='2022-12-12T08:16:27', checksum=849825935, kind='mean', investigation_time=50.0, imt='PGA'"
lon,lat,depth,poe-0.0010000,poe-0.0012743,poe-0.0016238,poe-0.0020691,poe-0.0026367,poe-0.0033598,poe-0.0042813,poe-0.0054556,poe-0.0069519,poe-0.0088587,poe-0.0112884,poe-0.0143845,poe-0.0183298,poe-0.0233572,poe-0.0297635,poe-0.0379269,poe-0.0483293,poe-0.0615848,poe-0.0784760,poe-0.1000000
1.10000,-1.90000,0.00000,9.868116E-01,9.818844E-01,9.700596E-01,9.415888E-01,8.763857E-01,7.481449E-01,5.530252E-01,3.374782E-01,1.660613E-01,6.474706E-02,1.922394E-02,4.080991E-03,3.680718E-04,0.000000E+00,0.000000E+00,0.000000E+00,0.000000E+00,0.000000E+00,0.000000E+00,0.000000E+00
1.10000,-1.10000,0.00000,9.896664E-01,9.889501E-01,9.871363E-01,9.828476E-01,9.728589E-01,9.495193E-01,8.968235E-01,7.911974E-01,6.204208E-01,4.123978E-01,2.257325E-01,1.002347E-01,3.560331E-02,9.784202E-03,1.798530E-03,9.022406E-05,0.000000E+00,0.000000E+00,0.000000E+00,0.000000E+00
