========= ======== ===== ====== ============ =========== ===================== =========== ============= =========== ===========
asset_ref taxonomy state cresta lon          lat         business_interruption contents    nonstructural occupants   structural 
========= ======== ===== ====== ============ =========== ===================== =========== ============= =========== ===========
a1        "tax1"   "01"  "0.11" -1.22000E+02 3.81130E+01 7.07039E+02           4.55852E+03 6.21991E+03   1.41408E-02 1.83664E+03
a2        "tax2"   "01"  "0.12" -1.22114E+02 3.81130E+01 4.76685E+02           7.20752E+03 9.31713E+03   9.53371E-03 5.01438E+02
a3        "tax1"   "02"  "0.21" -1.22570E+02 3.81130E+01 2.28041E+02           1.31555E+03 1.97332E+03   4.56083E-03 4.92184E+02
a4        "tax3"   "02"  "0.22" -1.22000E+02 3.80000E+01 4.18659E+02           1.52852E+03 4.85378E+03   8.37317E-03 1.49840E+02
a5        "tax1"   "02"  "0.23" -1.22000E+02 3.79100E+01 3.15414E+02           1.71229E+03 2.56843E+03   6.30829E-03 2.75478E+02
a6        "tax2"   "03"  "0.31" -1.22000E+02 3.82250E+01 5.22225E+02           8.52376E+03 1.43452E+04   1.04445E-02 7.34285E+02
a7        "tax1"   "03"  "0.32" -1.21886E+02 3.81130E+01 5.31938E+02           3.06401E+03 4.55623E+03   1.06388E-02 7.22929E+02
========= ======== ===== ====== ============ =========== ===================== =========== ============= =========== ===========