asset_ref,taxonomy,lon,lat,business_interruption,contents,nonstructural,occupants,structural,business_interruption_ins,contents_ins,nonstructural_ins,occupants_ins,structural_ins
a3,"tax1",-122.57000,38.11300,6.13058E+02,3.37475E+03,5.06213E+03,1.22612E-02,6.19924E+02,1.50938E+01,1.50938E+01,1.50938E+01,0.00000E+00,3.93750E+00
a2,"tax2",-122.11400,38.11300,9.83916E+02,2.03024E+04,2.53829E+04,1.96783E-02,1.19204E+03,2.05625E+01,2.18750E+01,2.18750E+01,0.00000E+00,7.87500E+00
a5,"tax1",-122.00000,37.91000,6.71631E+02,3.71660E+03,5.57489E+03,1.34326E-02,0.00000E+00,1.72812E+01,1.72812E+01,1.72813E+01,0.00000E+00,0.00000E+00
a4,"tax3",-122.00000,38.00000,1.30437E+03,5.01384E+03,3.43358E+04,2.60873E-02,2.49266E+03,2.18750E+01,1.85938E+01,2.14375E+01,0.00000E+00,7.87500E+00
a1,"tax1",-122.00000,38.11300,2.95415E+03,2.49743E+04,2.75650E+04,5.90830E-02,1.26317E+04,2.18750E+01,2.18750E+01,2.18750E+01,0.00000E+00,1.75000E+01
a6,"tax2",-122.00000,38.22500,2.17413E+03,6.43766E+04,1.22637E+05,4.34826E-02,4.19454E+03,2.18750E+01,2.18750E+01,2.18750E+01,0.00000E+00,1.31250E+01
a7,"tax1",-121.88600,38.11300,1.84585E+03,1.16389E+04,1.66201E+04,3.69170E-02,4.83027E+03,2.18750E+01,2.18750E+01,2.18750E+01,0.00000E+00,1.18125E+01
