asset_ref,taxonomy,lon,lat,business_interruption~poe-0.02,business_interruption~poe-0.1,contents~poe-0.02,contents~poe-0.1,nonstructural~poe-0.02,nonstructural~poe-0.1,occupants~poe-0.02,occupants~poe-0.1,structural~poe-0.02,structural~poe-0.1,business_interruption_ins~poe-0.02,business_interruption_ins~poe-0.1,contents_ins~poe-0.02,contents_ins~poe-0.1,nonstructural_ins~poe-0.02,nonstructural_ins~poe-0.1,occupants_ins~poe-0.02:float32,occupants_ins~poe-0.1:float32,structural_ins~poe-0.02,structural_ins~poe-0.1
a3,"tax1",-122.57000,38.11300,0.00000E+00,0.00000E+00,0.00000E+00,0.00000E+00,0.00000E+00,0.00000E+00,0.00000E+00,0.00000E+00,0.00000E+00,0.00000E+00,0.00000E+00,0.00000E+00,0.00000E+00,0.00000E+00,0.00000E+00,0.00000E+00,0.00000E+00,0.00000E+00,0.00000E+00,0.00000E+00
a2,"tax2",-122.11400,38.11300,2.72747E+01,2.72747E+01,4.20555E+02,4.20555E+02,6.30833E+02,6.30833E+02,5.45493E-04,5.45493E-04,0.00000E+00,0.00000E+00,7.00000E-01,7.00000E-01,7.00000E-01,7.00000E-01,7.00000E-01,7.00000E-01,0.00000E+00,0.00000E+00,0.00000E+00,0.00000E+00
a5,"tax1",-122.00000,37.91000,2.28048E+01,2.28048E+01,1.17619E+02,1.17619E+02,1.76429E+02,1.76429E+02,4.56096E-04,4.56096E-04,0.00000E+00,0.00000E+00,7.00000E-01,7.00000E-01,7.00000E-01,7.00000E-01,7.00000E-01,7.00000E-01,0.00000E+00,0.00000E+00,0.00000E+00,0.00000E+00
a4,"tax3",-122.00000,38.00000,2.78516E+01,2.78516E+01,1.28775E+02,1.28775E+02,1.89764E+02,1.89764E+02,5.57031E-04,5.57031E-04,0.00000E+00,0.00000E+00,7.00000E-01,7.00000E-01,7.00000E-01,7.00000E-01,7.00000E-01,7.00000E-01,0.00000E+00,0.00000E+00,0.00000E+00,0.00000E+00
a1,"tax1",-122.00000,38.11300,4.68114E+01,4.68114E+01,2.74686E+02,2.74686E+02,4.12029E+02,4.12029E+02,9.36228E-04,9.36228E-04,1.22626E+02,1.22626E+02,7.00000E-01,7.00000E-01,7.00000E-01,7.00000E-01,7.00000E-01,7.00000E-01,0.00000E+00,0.00000E+00,7.00000E-01,7.00000E-01
a6,"tax2",-122.00000,38.22500,2.26381E+01,2.26381E+01,2.15913E+02,2.15913E+02,3.23870E+02,3.23870E+02,4.52761E-04,4.52761E-04,0.00000E+00,0.00000E+00,7.00000E-01,7.00000E-01,7.00000E-01,7.00000E-01,7.00000E-01,7.00000E-01,0.00000E+00,0.00000E+00,0.00000E+00,0.00000E+00
a7,"tax1",-121.88600,38.11300,3.28125E+01,3.28125E+01,1.83930E+02,1.83930E+02,2.75895E+02,2.75895E+02,6.56250E-04,6.56250E-04,0.00000E+00,0.00000E+00,7.00000E-01,7.00000E-01,7.00000E-01,7.00000E-01,7.00000E-01,7.00000E-01,0.00000E+00,0.00000E+00,0.00000E+00,0.00000E+00
