asset_ref,taxonomy,state,cresta,lon,lat,business_interruption~poe-0.02,business_interruption~poe-0.1,contents~poe-0.02,contents~poe-0.1,nonstructural~poe-0.02,nonstructural~poe-0.1,occupants~poe-0.02,occupants~poe-0.1,structural~poe-0.02,structural~poe-0.1,business_interruption_ins~poe-0.02,business_interruption_ins~poe-0.1,contents_ins~poe-0.02,contents_ins~poe-0.1,nonstructural_ins~poe-0.02,nonstructural_ins~poe-0.1,occupants_ins~poe-0.02:float32,occupants_ins~poe-0.1:float32,structural_ins~poe-0.02,structural_ins~poe-0.1
a3,"tax1","02","0.21",-122.57000,38.11300,3.44026E+01,3.44026E+01,1.96060E+02,1.96060E+02,2.94090E+02,2.94090E+02,6.88052E-04,6.88052E-04,0.00000E+00,0.00000E+00,7.00000E-01,7.00000E-01,7.00000E-01,7.00000E-01,7.00000E-01,7.00000E-01,0.00000E+00,0.00000E+00,0.00000E+00,0.00000E+00
a2,"tax2","01","0.12",-122.11400,38.11300,3.50823E+01,3.50823E+01,5.53874E+02,5.53874E+02,7.86232E+02,7.86232E+02,7.01646E-04,7.01646E-04,0.00000E+00,0.00000E+00,7.00000E-01,7.00000E-01,7.00000E-01,7.00000E-01,7.00000E-01,7.00000E-01,0.00000E+00,0.00000E+00,0.00000E+00,0.00000E+00
a5,"tax1","02","0.23",-122.00000,37.91000,2.23452E+01,2.23452E+01,1.16926E+02,1.16926E+02,1.75390E+02,1.75390E+02,4.46905E-04,4.46905E-04,0.00000E+00,0.00000E+00,7.00000E-01,7.00000E-01,7.00000E-01,7.00000E-01,7.00000E-01,7.00000E-01,0.00000E+00,0.00000E+00,0.00000E+00,0.00000E+00
a4,"tax3","02","0.22",-122.00000,38.00000,2.94055E+01,2.94055E+01,2.62443E+02,2.62443E+02,5.22058E+02,5.22058E+02,5.88110E-04,5.88110E-04,0.00000E+00,0.00000E+00,7.00000E-01,7.00000E-01,7.00000E-01,7.00000E-01,7.00000E-01,7.00000E-01,0.00000E+00,0.00000E+00,0.00000E+00,0.00000E+00
a1,"tax1","01","0.11",-122.00000,38.11300,9.45115E+01,9.45115E+01,6.55286E+02,6.55286E+02,8.73935E+02,8.73935E+02,1.89023E-03,1.89023E-03,3.67021E+02,3.67021E+02,7.00000E-01,7.00000E-01,7.00000E-01,7.00000E-01,7.00000E-01,7.00000E-01,0.00000E+00,0.00000E+00,7.00000E-01,7.00000E-01
a6,"tax2","03","0.31",-122.00000,38.22500,9.68032E+01,9.68032E+01,1.36061E+03,1.36061E+03,1.49865E+03,1.49865E+03,1.93606E-03,1.93606E-03,1.89801E+02,1.89801E+02,7.00000E-01,7.00000E-01,7.00000E-01,7.00000E-01,7.00000E-01,7.00000E-01,0.00000E+00,0.00000E+00,7.00000E-01,7.00000E-01
a7,"tax1","03","0.32",-121.88600,38.11300,4.09292E+01,4.09292E+01,2.42873E+02,2.42873E+02,3.64310E+02,3.64310E+02,8.18585E-04,8.18585E-04,1.25288E+02,1.25288E+02,7.00000E-01,7.00000E-01,7.00000E-01,7.00000E-01,7.00000E-01,7.00000E-01,0.00000E+00,0.00000E+00,7.00000E-01,7.00000E-01
