asset_ref,taxonomy,state,cresta,lon,lat,business_interruption~poe-0.02,business_interruption~poe-0.1,contents~poe-0.02,contents~poe-0.1,nonstructural~poe-0.02,nonstructural~poe-0.1,occupants~poe-0.02,occupants~poe-0.1,structural~poe-0.02,structural~poe-0.1,business_interruption_ins~poe-0.02,business_interruption_ins~poe-0.1,contents_ins~poe-0.02,contents_ins~poe-0.1,nonstructural_ins~poe-0.02,nonstructural_ins~poe-0.1,occupants_ins~poe-0.02:float32,occupants_ins~poe-0.1:float32,structural_ins~poe-0.02,structural_ins~poe-0.1
a3,"tax1","02","0.21",-122.57000,38.11300,2.17870E+01,2.17870E+01,1.11930E+02,1.11930E+02,1.67895E+02,1.67895E+02,4.35741E-04,4.35741E-04,0.00000E+00,0.00000E+00,7.00000E-01,7.00000E-01,7.00000E-01,7.00000E-01,7.00000E-01,7.00000E-01,0.00000E+00,0.00000E+00,0.00000E+00,0.00000E+00
a2,"tax2","01","0.12",-122.11400,38.11300,5.06513E+01,5.06513E+01,1.55503E+03,1.55503E+03,1.69379E+03,1.69379E+03,1.01303E-03,1.01303E-03,1.19627E+02,1.19627E+02,7.00000E-01,7.00000E-01,7.00000E-01,7.00000E-01,7.00000E-01,7.00000E-01,0.00000E+00,0.00000E+00,7.00000E-01,7.00000E-01
a5,"tax1","02","0.23",-122.00000,37.91000,3.56697E+01,3.56697E+01,2.06573E+02,2.06573E+02,3.09859E+02,3.09859E+02,7.13395E-04,7.13395E-04,0.00000E+00,0.00000E+00,7.00000E-01,7.00000E-01,7.00000E-01,7.00000E-01,7.00000E-01,7.00000E-01,0.00000E+00,0.00000E+00,0.00000E+00,0.00000E+00
a4,"tax3","02","0.22",-122.00000,38.00000,7.32797E+01,7.32797E+01,1.88381E+02,1.88381E+02,2.67961E+03,2.67961E+03,1.46559E-03,1.46559E-03,2.69027E+02,2.69027E+02,7.00000E-01,7.00000E-01,7.00000E-01,7.00000E-01,7.00000E-01,7.00000E-01,0.00000E+00,0.00000E+00,7.00000E-01,7.00000E-01
a1,"tax1","01","0.11",-122.00000,38.11300,5.28313E+02,5.28313E+02,4.20748E+03,4.20748E+03,4.98591E+03,4.98591E+03,1.05663E-02,1.05663E-02,2.64156E+03,2.64156E+03,7.00000E-01,7.00000E-01,7.00000E-01,7.00000E-01,7.00000E-01,7.00000E-01,0.00000E+00,0.00000E+00,7.00000E-01,7.00000E-01
a6,"tax2","03","0.31",-122.00000,38.22500,2.19655E+02,2.19655E+02,5.00000E+03,5.00000E+03,1.50000E+04,1.50000E+04,4.39311E-03,4.39311E-03,5.73563E+02,5.73563E+02,7.00000E-01,7.00000E-01,7.00000E-01,7.00000E-01,7.00000E-01,7.00000E-01,0.00000E+00,0.00000E+00,7.00000E-01,7.00000E-01
a7,"tax1","03","0.32",-121.88600,38.11300,9.88341E+01,9.88341E+01,7.43458E+02,7.43458E+02,9.02993E+02,9.02993E+02,1.97668E-03,1.97668E-03,4.39318E+02,4.39318E+02,7.00000E-01,7.00000E-01,7.00000E-01,7.00000E-01,7.00000E-01,7.00000E-01,0.00000E+00,0.00000E+00,7.00000E-01,7.00000E-01
