asset_ref,taxonomy,lon,lat,business_interruption~poe-0.02,business_interruption~poe-0.1,contents~poe-0.02,contents~poe-0.1,nonstructural~poe-0.02,nonstructural~poe-0.1,occupants~poe-0.02,occupants~poe-0.1,structural~poe-0.02,structural~poe-0.1,business_interruption_ins~poe-0.02,business_interruption_ins~poe-0.1,contents_ins~poe-0.02,contents_ins~poe-0.1,nonstructural_ins~poe-0.02,nonstructural_ins~poe-0.1,occupants_ins~poe-0.02:float32,occupants_ins~poe-0.1:float32,structural_ins~poe-0.02,structural_ins~poe-0.1
a3,"tax1",-122.57000,38.11300,0.00000E+00,0.00000E+00,0.00000E+00,0.00000E+00,0.00000E+00,0.00000E+00,0.00000E+00,0.00000E+00,0.00000E+00,0.00000E+00,0.00000E+00,0.00000E+00,0.00000E+00,0.00000E+00,0.00000E+00,0.00000E+00,0.00000E+00,0.00000E+00,0.00000E+00,0.00000E+00
a2,"tax2",-122.11400,38.11300,2.27673E+01,2.27673E+01,1.65505E+02,1.65505E+02,2.48258E+02,2.48258E+02,4.55346E-04,4.55346E-04,0.00000E+00,0.00000E+00,7.00000E-01,7.00000E-01,7.00000E-01,7.00000E-01,7.00000E-01,7.00000E-01,0.00000E+00,0.00000E+00,0.00000E+00,0.00000E+00
a5,"tax1",-122.00000,37.91000,0.00000E+00,0.00000E+00,0.00000E+00,0.00000E+00,0.00000E+00,0.00000E+00,0.00000E+00,0.00000E+00,0.00000E+00,0.00000E+00,0.00000E+00,0.00000E+00,0.00000E+00,0.00000E+00,0.00000E+00,0.00000E+00,0.00000E+00,0.00000E+00,0.00000E+00,0.00000E+00
a4,"tax3",-122.00000,38.00000,2.19832E+01,2.19832E+01,1.26706E+02,1.26706E+02,3.50407E+02,3.50407E+02,4.39665E-04,4.39665E-04,0.00000E+00,0.00000E+00,7.00000E-01,7.00000E-01,7.00000E-01,7.00000E-01,7.00000E-01,7.00000E-01,0.00000E+00,0.00000E+00,0.00000E+00,0.00000E+00
a1,"tax1",-122.00000,38.11300,4.46966E+01,4.46966E+01,2.62831E+02,2.62831E+02,3.94247E+02,3.94247E+02,8.93932E-04,8.93932E-04,1.21832E+02,1.21832E+02,7.00000E-01,7.00000E-01,7.00000E-01,7.00000E-01,7.00000E-01,7.00000E-01,0.00000E+00,0.00000E+00,7.00000E-01,7.00000E-01
a6,"tax2",-122.00000,38.22500,2.19653E+01,2.19653E+01,1.97626E+02,1.97626E+02,2.96440E+02,2.96440E+02,4.39305E-04,4.39305E-04,0.00000E+00,0.00000E+00,7.00000E-01,7.00000E-01,7.00000E-01,7.00000E-01,7.00000E-01,7.00000E-01,0.00000E+00,0.00000E+00,0.00000E+00,0.00000E+00
a7,"tax1",-121.88600,38.11300,3.95403E+01,3.95403E+01,2.27027E+02,2.27027E+02,3.40541E+02,3.40541E+02,7.90805E-04,7.90805E-04,0.00000E+00,0.00000E+00,7.00000E-01,7.00000E-01,7.00000E-01,7.00000E-01,7.00000E-01,7.00000E-01,0.00000E+00,0.00000E+00,0.00000E+00,0.00000E+00
